exports[`test Should render AddExpensePage correctly 1`] = `
<div>
  <h1>
    Add Expense
  </h1>
  <ExpenseForm
    onSubmit={[Function]} />
</div>
`;
