exports[`test Should render ExpenseListItem with the expense 1`] = `
<div>
  <Link
    replace={false}
    to="/edit/3">
    <h3>
      Credit Card
    </h3>
  </Link>
  <p>
    $4,500.00
    -
    January 4th, 1970
  </p>
</div>
`;
