exports[`test Should render NotFoundPage 1`] = `
<div>
  404! 
  <Link
    replace={false}
    to="/">
    Go Home
  </Link>
</div>
`;
